App.tsx(112,20): error TS2339: Property 'aistudio' does not exist on type 'Window & typeof globalThis'.
App.tsx(112,39): error TS2339: Property 'aistudio' does not exist on type 'Window & typeof globalThis'.
App.tsx(113,24): error TS2339: Property 'aistudio' does not exist on type 'Window & typeof globalThis'.
App.tsx(170,9): error TS2554: Expected 5-6 arguments, but got 7.
services/geminiService.ts(261,15): error TS2820: Type '"HARM_CATEGORY_HARASSMENT"' is not assignable to type 'HarmCategory | undefined'. Did you mean 'HarmCategory.HARM_CATEGORY_IMAGE_HARASSMENT'?
services/geminiService.ts(261,53): error TS2322: Type '"BLOCK_NONE"' is not assignable to type 'HarmBlockThreshold | undefined'.
services/geminiService.ts(262,15): error TS2322: Type '"HARM_CATEGORY_HATE_SPEECH"' is not assignable to type 'HarmCategory | undefined'.
services/geminiService.ts(262,54): error TS2322: Type '"BLOCK_NONE"' is not assignable to type 'HarmBlockThreshold | undefined'.
services/geminiService.ts(263,15): error TS2820: Type '"HARM_CATEGORY_SEXUALLY_EXPLICIT"' is not assignable to type 'HarmCategory | undefined'. Did you mean 'HarmCategory.HARM_CATEGORY_IMAGE_SEXUALLY_EXPLICIT'?
services/geminiService.ts(263,60): error TS2322: Type '"BLOCK_NONE"' is not assignable to type 'HarmBlockThreshold | undefined'.
services/geminiService.ts(264,15): error TS2820: Type '"HARM_CATEGORY_DANGEROUS_CONTENT"' is not assignable to type 'HarmCategory | undefined'. Did you mean 'HarmCategory.HARM_CATEGORY_IMAGE_DANGEROUS_CONTENT'?
services/geminiService.ts(264,60): error TS2322: Type '"BLOCK_NONE"' is not assignable to type 'HarmBlockThreshold | undefined'.
services/geminiService.ts(381,9): error TS2304: Cannot find name 'signal'.
services/geminiService.ts(494,11): error TS2304: Cannot find name 'signal'.
services/geminiService.ts(495,90): error TS2304: Cannot find name 'signal'.
services/geminiService.ts(495,90): error TS2554: Expected 3-4 arguments, but got 5.
services/geminiService.ts(632,5): error TS2322: Type '() => Promise<string>' is not assignable to type 'string'.
